// Jest Snapshot v1, https://goo.gl/fbAQLP

exports[`should match snapshot 1`] = `
<div>
  <div
    class="gd-space gd-space-horizontal"
  >
    <div
      class="gd-space-item"
    >
      test
    </div>
  </div>
</div>
`;
