// Jest Snapshot v1, https://goo.gl/fbAQLP

exports[`should match snapshot 1`] = `
<div>
  <img
    class="gd-avatar"
    src="https://images.unsplash.com/photo-1548532928-b34e3be62fc6?ixlib=rb-1.2.1&q=80&fm=jpg&crop=faces&fit=crop&h=200&w=200&ixid=eyJhcHBfaWQiOjE3Nzg0fQ"
  />
</div>
`;
